{"cartItem":{"id":1,"count":6,"item":{"id":1,"name":"Layflat Photo Album","description":"","price":149}}}
