{"cart":{"Items":[{"id":1,"itemId":1,"userId":1,"count":1},{"id":2,"itemId":1,"userId":1,"count":1},{"id":3,"itemId":2,"userId":1,"count":1},{"id":4,"itemId":1,"userId":1,"count":2},{"id":5,"itemId":2,"userId":1,"count":1},{"id":6,"itemId":3,"userId":1,"count":1}]}}
