{"cart":{"Items":[{"id":1,"itemId":1,"userId":1,"count":1},{"id":2,"itemId":1,"userId":1,"count":1},{"id":3,"itemId":1,"userId":1,"count":1},{"id":4,"itemId":2,"userId":1,"count":1}]}}
