{"items":[{"id":1,"name":"Layflat Photo Album","description":"Drawing on time-honored binding techniques, the Layflat Album features ultra-thick pages that lay flat when open for seamless panoramic impact.","price":149},{"id":2,"name":"Hardcover Photo Book","description":"An archival-quality photo book printed on 100% recycled pages and complete with a customizable dust jacket.","price":69},{"id":3,"name":"Baby Book","description":"A one-of-a-kind, interactive photo journal filled with thoughtful prompts to help document babyâ€™s first years. Celebrated for its timeless design and premium materials, each baby book includes a unique code for a free set of Everyday Prints.","price":99},{"id":4,"name":"Everyday Print Set","description":"With their high-quality look and feel, these textured, matte prints are designed to honor the everyday.","price":9},{"id":5,"name":"Ultra-Thick Signature Prints","description":"Inspired by the lost art of signing our work, we set out to create a print that felt like a museum quality mat and premium print â€“ all in one. The result: an ultra thick print with a textured matte eggshell finish.","price":30},{"id":6,"name":"Gallery Frames","description":"Premium paper, an ultra-thick mat, and a range of sophisticated cuts elevate this museum-quality display crafted from real hardwood. The Gallery Frame includes a high-resolution, archival giclÃ©e print and arrives ready to hang in your choice of four classic finishes.","price":69},{"id":7,"name":"Modern Metal Frames","description":"Put meaningful moments front and center in a simple, elevated frame that makes the ideal centerpiece or gallery-wall addition. Handcrafted in the USA, the Modern Metal Frame arrives ready to hang, featuring your choice of three premium finishes and an archival-quality giclÃ©e print.","price":69}]}
