{"cartItem":{"id":1,"itemId":1,"userId":1,"count":1}}
