{"cart":{"Items":[{"id":1,"itemId":1,"userId":1,"count":1},{"id":2,"itemId":1,"userId":1,"count":1}]}}
